[2026-05-30 20:37:01] local.INFO: Creating job for chunk {"chunk_index":0,"chunk_size":3,"is_last_chunk":true} 
[2026-05-30 20:37:01] local.INFO: Bulk mail jobs dispatched {"mail_config_id":26,"total_contacts":3,"total_chunks":1} 
[2026-05-30 20:37:01] local.INFO: Bulk mail sent {"mail_config_id":26,"total_sent":0,"total_failed":0,"total_contacts":3} 
[2026-05-30 20:37:08] local.ERROR: Mail send failed: Expected response code "250" but got code "554", with message "554 Message rejected: Email address is not verified. The following identities failed the check in region US-EAST-1: Dhaval Makawana <makawanadhaval418@gmail.com>, makawanadhaval418@gmail.com".  
[2026-05-30 20:37:11] local.ERROR: Mail send failed: Expected response code "250" but got code "554", with message "554 Message rejected: Email address is not verified. The following identities failed the check in region US-EAST-1: Dhaval Makawana <makawanadhaval418@gmail.com>, makawanadhaval418@gmail.com".  
[2026-05-30 20:37:12] local.ERROR: Mail send failed: Expected response code "250" but got code "554", with message "554 Message rejected: Email address is not verified. The following identities failed the check in region US-EAST-1: Dhaval Makawana <makawanadhaval418@gmail.com>, makawanadhaval418@gmail.com".  
[2026-05-30 20:37:12] local.INFO: Bulk mail chunk sent {"mail_config_id":26,"chunk_size":3,"total_sent":0,"total_failed":3} 
[2026-05-30 20:37:12] local.INFO: Bulk mail completed {"mail_config_id":26,"total_sent":0,"total_failed":3} 
[2026-05-30 20:42:57] local.ERROR: PDOException: SQLSTATE[42S02]: Base table or view not found: 1146 Table 'bulkmail.ses_verified_emails' doesn't exist in C:\Dhaval\My Projects\Bulkmail\vendor\laravel\framework\src\Illuminate\Database\Connection.php:421
Stack trace:
#0 C:\Dhaval\My Projects\Bulkmail\vendor\laravel\framework\src\Illuminate\Database\Connection.php(421): PDOStatement->execute()
#1 C:\Dhaval\My Projects\Bulkmail\vendor\laravel\framework\src\Illuminate\Database\Connection.php(809): Illuminate\Database\Connection->Illuminate\Database\{closure}('select count(*)...', Array)
#2 C:\Dhaval\My Projects\Bulkmail\vendor\laravel\framework\src\Illuminate\Database\Connection.php(776): Illuminate\Database\Connection->runQueryCallback('select count(*)...', Array, Object(Closure))
#3 C:\Dhaval\My Projects\Bulkmail\vendor\laravel\framework\src\Illuminate\Database\Connection.php(407): Illuminate\Database\Connection->run('select count(*)...', Array, Object(Closure))
#4 C:\Dhaval\My Projects\Bulkmail\vendor\laravel\framework\src\Illuminate\Database\Query\Builder.php(2751): Illuminate\Database\Connection->select('select count(*)...', Array, true)
#5 C:\Dhaval\My Projects\Bulkmail\vendor\laravel\framework\src\Illuminate\Database\Query\Builder.php(2740): Illuminate\Database\Query\Builder->runSelect()
#6 C:\Dhaval\My Projects\Bulkmail\vendor\laravel\framework\src\Illuminate\Database\Query\Builder.php(3294): Illuminate\Database\Query\Builder->Illuminate\Database\Query\{closure}()
#7 C:\Dhaval\My Projects\Bulkmail\vendor\laravel\framework\src\Illuminate\Database\Query\Builder.php(2739): Illuminate\Database\Query\Builder->onceWithColumns(Array, Object(Closure))
#8 C:\Dhaval\My Projects\Bulkmail\vendor\laravel\framework\src\Illuminate\Database\Query\Builder.php(3221): Illuminate\Database\Query\Builder->get(Array)
#9 C:\Dhaval\My Projects\Bulkmail\vendor\laravel\framework\src\Illuminate\Database\Query\Builder.php(3149): Illuminate\Database\Query\Builder->aggregate('count', Array)
#10 C:\Dhaval\My Projects\Bulkmail\vendor\laravel\framework\src\Illuminate\Database\Eloquent\Builder.php(1968): Illuminate\Database\Query\Builder->count()
#11 C:\Dhaval\My Projects\Bulkmail\vendor\yajra\laravel-datatables-oracle\src\QueryDataTable.php(205): Illuminate\Database\Eloquent\Builder->__call('count', Array)
#12 C:\Dhaval\My Projects\Bulkmail\vendor\yajra\laravel-datatables-oracle\src\DataTableAbstract.php(848): Yajra\DataTables\QueryDataTable->count()
#13 C:\Dhaval\My Projects\Bulkmail\vendor\yajra\laravel-datatables-oracle\src\QueryDataTable.php(186): Yajra\DataTables\DataTableAbstract->totalCount()
#14 C:\Dhaval\My Projects\Bulkmail\vendor\yajra\laravel-datatables-oracle\src\QueryDataTable.php(158): Yajra\DataTables\QueryDataTable->prepareQuery()
#15 C:\Dhaval\My Projects\Bulkmail\app\Http\Controllers\SesVerifiedEmailController.php(29): Yajra\DataTables\QueryDataTable->make(true)
#16 C:\Dhaval\My Projects\Bulkmail\vendor\laravel\framework\src\Illuminate\Routing\Controller.php(54): App\Http\Controllers\SesVerifiedEmailController->index(Object(Illuminate\Http\Request))
#17 C:\Dhaval\My Projects\Bulkmail\vendor\laravel\framework\src\Illuminate\Routing\ControllerDispatcher.php(43): Illuminate\Routing\Controller->callAction('index', Array)
#18 C:\Dhaval\My Projects\Bulkmail\vendor\laravel\framework\src\Illuminate\Routing\Route.php(259): Illuminate\Routing\ControllerDispatcher->dispatch(Object(Illuminate\Routing\Route), Object(App\Http\Controllers\SesVerifiedEmailController), 'index')
#19 C:\Dhaval\My Projects\Bulkmail\vendor\laravel\framework\src\Illuminate\Routing\Route.php(205): Illuminate\Routing\Route->runController()
#20 C:\Dhaval\My Projects\Bulkmail\vendor\laravel\framework\src\Illuminate\Routing\Router.php(806): Illuminate\Routing\Route->run()
#21 C:\Dhaval\My Projects\Bulkmail\vendor\laravel\framework\src\Illuminate\Pipeline\Pipeline.php(144): Illuminate\Routing\Router->Illuminate\Routing\{closure}(Object(Illuminate\Http\Request))
#22 C:\Dhaval\My Projects\Bulkmail\app\Http\Middleware\CorporateDebtorAccess.php(16): Illuminate\Pipeline\Pipeline->Illuminate\Pipeline\{closure}(Object(Illuminate\Http\Request))
#23 C:\Dhaval\My Projects\Bulkmail\vendor\laravel\framework\src\Illuminate\Pipeline\Pipeline.php(183): App\Http\Middleware\CorporateDebtorAccess->handle(Object(Illuminate\Http\Request), Object(Closure))
#24 C:\Dhaval\My Projects\Bulkmail\app\Http\Middleware\UserStatus.php(21): Illuminate\Pipeline\Pipeline->Illuminate\Pipeline\{closure}(Object(Illuminate\Http\Request))
#25 C:\Dhaval\My Projects\Bulkmail\vendor\laravel\framework\src\Illuminate\Pipeline\Pipeline.php(183): App\Http\Middleware\UserStatus->handle(Object(Illuminate\Http\Request), Object(Closure))
#26 C:\Dhaval\My Projects\Bulkmail\vendor\laravel\framework\src\Illuminate\Routing\Middleware\SubstituteBindings.php(50): Illuminate\Pipeline\Pipeline->Illuminate\Pipeline\{closure}(Object(Illuminate\Http\Request))
#27 C:\Dhaval\My Projects\Bulkmail\vendor\laravel\framework\src\Illuminate\Pipeline\Pipeline.php(183): Illuminate\Routing\Middleware\SubstituteBindings->handle(Object(Illuminate\Http\Request), Object(Closure))
#28 C:\Dhaval\My Projects\Bulkmail\vendor\laravel\framework\src\Illuminate\Auth\Middleware\Authenticate.php(57): Illuminate\Pipeline\Pipeline->Illuminate\Pipeline\{closure}(Object(Illuminate\Http\Request))
#29 C:\Dhaval\My Projects\Bulkmail\vendor\laravel\framework\src\Illuminate\Pipeline\Pipeline.php(183): Illuminate\Auth\Middleware\Authenticate->handle(Object(Illuminate\Http\Request), Object(Closure))
#30 C:\Dhaval\My Projects\Bulkmail\vendor\laravel\framework\src\Illuminate\Foundation\Http\Middleware\VerifyCsrfToken.php(78): Illuminate\Pipeline\Pipeline->Illuminate\Pipeline\{closure}(Object(Illuminate\Http\Request))
#31 C:\Dhaval\My Projects\Bulkmail\vendor\laravel\framework\src\Illuminate\Pipeline\Pipeline.php(183): Illuminate\Foundation\Http\Middleware\VerifyCsrfToken->handle(Object(Illuminate\Http\Request), Object(Closure))
#32 C:\Dhaval\My Projects\Bulkmail\vendor\laravel\framework\src\Illuminate\View\Middleware\ShareErrorsFromSession.php(49): Illuminate\Pipeline\Pipeline->Illuminate\Pipeline\{closure}(Object(Illuminate\Http\Request))
#33 C:\Dhaval\My Projects\Bulkmail\vendor\laravel\framework\src\Illuminate\Pipeline\Pipeline.php(183): Illuminate\View\Middleware\ShareErrorsFromSession->handle(Object(Illuminate\Http\Request), Object(Closure))
#34 C:\Dhaval\My Projects\Bulkmail\vendor\laravel\framework\src\Illuminate\Session\Middleware\StartSession.php(121): Illuminate\Pipeline\Pipeline->Illuminate\Pipeline\{closure}(Object(Illuminate\Http\Request))
#35 C:\Dhaval\My Projects\Bulkmail\vendor\laravel\framework\src\Illuminate\Session\Middleware\StartSession.php(64): Illuminate\Session\Middleware\StartSession->handleStatefulRequest(Object(Illuminate\Http\Request), Object(Illuminate\Session\Store), Object(Closure))
#36 C:\Dhaval\My Projects\Bulkmail\vendor\laravel\framework\src\Illuminate\Pipeline\Pipeline.php(183): Illuminate\Session\Middleware\StartSession->handle(Object(Illuminate\Http\Request), Object(Closure))
#37 C:\Dhaval\My Projects\Bulkmail\vendor\laravel\framework\src\Illuminate\Cookie\Middleware\AddQueuedCookiesToResponse.php(37): Illuminate\Pipeline\Pipeline->Illuminate\Pipeline\{closure}(Object(Illuminate\Http\Request))
#38 C:\Dhaval\My Projects\Bulkmail\vendor\laravel\framework\src\Illuminate\Pipeline\Pipeline.php(183): Illuminate\Cookie\Middleware\AddQueuedCookiesToResponse->handle(Object(Illuminate\Http\Request), Object(Closure))
#39 C:\Dhaval\My Projects\Bulkmail\vendor\laravel\framework\src\Illuminate\Cookie\Middleware\EncryptCookies.php(67): Illuminate\Pipeline\Pipeline->Illuminate\Pipeline\{closure}(Object(Illuminate\Http\Request))
#40 C:\Dhaval\My Projects\Bulkmail\vendor\laravel\framework\src\Illuminate\Pipeline\Pipeline.php(183): Illuminate\Cookie\Middleware\EncryptCookies->handle(Object(Illuminate\Http\Request), Object(Closure))
#41 C:\Dhaval\My Projects\Bulkmail\vendor\laravel\framework\src\Illuminate\Pipeline\Pipeline.php(119): Illuminate\Pipeline\Pipeline->Illuminate\Pipeline\{closure}(Object(Illuminate\Http\Request))
#42 C:\Dhaval\My Projects\Bulkmail\vendor\laravel\framework\src\Illuminate\Routing\Router.php(805): Illuminate\Pipeline\Pipeline->then(Object(Closure))
#43 C:\Dhaval\My Projects\Bulkmail\vendor\laravel\framework\src\Illuminate\Routing\Router.php(784): Illuminate\Routing\Router->runRouteWithinStack(Object(Illuminate\Routing\Route), Object(Illuminate\Http\Request))
#44 C:\Dhaval\My Projects\Bulkmail\vendor\laravel\framework\src\Illuminate\Routing\Router.php(748): Illuminate\Routing\Router->runRoute(Object(Illuminate\Http\Request), Object(Illuminate\Routing\Route))
#45 C:\Dhaval\My Projects\Bulkmail\vendor\laravel\framework\src\Illuminate\Routing\Router.php(737): Illuminate\Routing\Router->dispatchToRoute(Object(Illuminate\Http\Request))
#46 C:\Dhaval\My Projects\Bulkmail\vendor\laravel\framework\src\Illuminate\Foundation\Http\Kernel.php(200): Illuminate\Routing\Router->dispatch(Object(Illuminate\Http\Request))
#47 C:\Dhaval\My Projects\Bulkmail\vendor\laravel\framework\src\Illuminate\Pipeline\Pipeline.php(144): Illuminate\Foundation\Http\Kernel->Illuminate\Foundation\Http\{closure}(Object(Illuminate\Http\Request))
#48 C:\Dhaval\My Projects\Bulkmail\vendor\laravel\framework\src\Illuminate\Foundation\Http\Middleware\TransformsRequest.php(21): Illuminate\Pipeline\Pipeline->Illuminate\Pipeline\{closure}(Object(Illuminate\Http\Request))
#49 C:\Dhaval\My Projects\Bulkmail\vendor\laravel\framework\src\Illuminate\Foundation\Http\Middleware\ConvertEmptyStringsToNull.php(31): Illuminate\Foundation\Http\Middleware\TransformsRequest->handle(Object(Illuminate\Http\Request), Object(Closure))
#50 C:\Dhaval\My Projects\Bulkmail\vendor\laravel\framework\src\Illuminate\Pipeline\Pipeline.php(183): Illuminate\Foundation\Http\Middleware\ConvertEmptyStringsToNull->handle(Object(Illuminate\Http\Request), Object(Closure))
#51 C:\Dhaval\My Projects\Bulkmail\vendor\laravel\framework\src\Illuminate\Foundation\Http\Middleware\TransformsRequest.php(21): Illuminate\Pipeline\Pipeline->Illuminate\Pipeline\{closure}(Object(Illuminate\Http\Request))
#52 C:\Dhaval\My Projects\Bulkmail\vendor\laravel\framework\src\Illuminate\Foundation\Http\Middleware\TrimStrings.php(40): Illuminate\Foundation\Http\Middleware\TransformsRequest->handle(Object(Illuminate\Http\Request), Object(Closure))
#53 C:\Dhaval\My Projects\Bulkmail\vendor\laravel\framework\src\Illuminate\Pipeline\Pipeline.php(183): Illuminate\Foundation\Http\Middleware\TrimStrings->handle(Object(Illuminate\Http\Request), Object(Closure))
#54 C:\Dhaval\My Projects\Bulkmail\vendor\laravel\framework\src\Illuminate\Foundation\Http\Middleware\ValidatePostSize.php(27): Illuminate\Pipeline\Pipeline->Illuminate\Pipeline\{closure}(Object(Illuminate\Http\Request))
#55 C:\Dhaval\My Projects\Bulkmail\vendor\laravel\framework\src\Illuminate\Pipeline\Pipeline.php(183): Illuminate\Foundation\Http\Middleware\ValidatePostSize->handle(Object(Illuminate\Http\Request), Object(Closure))
#56 C:\Dhaval\My Projects\Bulkmail\vendor\laravel\framework\src\Illuminate\Foundation\Http\Middleware\PreventRequestsDuringMaintenance.php(99): Illuminate\Pipeline\Pipeline->Illuminate\Pipeline\{closure}(Object(Illuminate\Http\Request))
#57 C:\Dhaval\My Projects\Bulkmail\vendor\laravel\framework\src\Illuminate\Pipeline\Pipeline.php(183): Illuminate\Foundation\Http\Middleware\PreventRequestsDuringMaintenance->handle(Object(Illuminate\Http\Request), Object(Closure))
#58 C:\Dhaval\My Projects\Bulkmail\vendor\laravel\framework\src\Illuminate\Http\Middleware\HandleCors.php(49): Illuminate\Pipeline\Pipeline->Illuminate\Pipeline\{closure}(Object(Illuminate\Http\Request))
#59 C:\Dhaval\My Projects\Bulkmail\vendor\laravel\framework\src\Illuminate\Pipeline\Pipeline.php(183): Illuminate\Http\Middleware\HandleCors->handle(Object(Illuminate\Http\Request), Object(Closure))
#60 C:\Dhaval\My Projects\Bulkmail\vendor\laravel\framework\src\Illuminate\Http\Middleware\TrustProxies.php(39): Illuminate\Pipeline\Pipeline->Illuminate\Pipeline\{closure}(Object(Illuminate\Http\Request))
#61 C:\Dhaval\My Projects\Bulkmail\vendor\laravel\framework\src\Illuminate\Pipeline\Pipeline.php(183): Illuminate\Http\Middleware\TrustProxies->handle(Object(Illuminate\Http\Request), Object(Closure))
#62 C:\Dhaval\My Projects\Bulkmail\vendor\laravel\framework\src\Illuminate\Pipeline\Pipeline.php(119): Illuminate\Pipeline\Pipeline->Illuminate\Pipeline\{closure}(Object(Illuminate\Http\Request))
#63 C:\Dhaval\My Projects\Bulkmail\vendor\laravel\framework\src\Illuminate\Foundation\Http\Kernel.php(175): Illuminate\Pipeline\Pipeline->then(Object(Closure))
#64 C:\Dhaval\My Projects\Bulkmail\vendor\laravel\framework\src\Illuminate\Foundation\Http\Kernel.php(144): Illuminate\Foundation\Http\Kernel->sendRequestThroughRouter(Object(Illuminate\Http\Request))
#65 C:\Dhaval\My Projects\Bulkmail\public\index.php(51): Illuminate\Foundation\Http\Kernel->handle(Object(Illuminate\Http\Request))
#66 C:\Dhaval\My Projects\Bulkmail\vendor\laravel\framework\src\Illuminate\Foundation\resources\server.php(16): require_once('C:\\Dhaval\\My Pr...')
#67 {main}

Next Illuminate\Database\QueryException: SQLSTATE[42S02]: Base table or view not found: 1146 Table 'bulkmail.ses_verified_emails' doesn't exist (Connection: mysql, SQL: select count(*) as aggregate from `ses_verified_emails`) in C:\Dhaval\My Projects\Bulkmail\vendor\laravel\framework\src\Illuminate\Database\Connection.php:822
Stack trace:
#0 C:\Dhaval\My Projects\Bulkmail\vendor\laravel\framework\src\Illuminate\Database\Connection.php(776): Illuminate\Database\Connection->runQueryCallback('select count(*)...', Array, Object(Closure))
#1 C:\Dhaval\My Projects\Bulkmail\vendor\laravel\framework\src\Illuminate\Database\Connection.php(407): Illuminate\Database\Connection->run('select count(*)...', Array, Object(Closure))
#2 C:\Dhaval\My Projects\Bulkmail\vendor\laravel\framework\src\Illuminate\Database\Query\Builder.php(2751): Illuminate\Database\Connection->select('select count(*)...', Array, true)
#3 C:\Dhaval\My Projects\Bulkmail\vendor\laravel\framework\src\Illuminate\Database\Query\Builder.php(2740): Illuminate\Database\Query\Builder->runSelect()
#4 C:\Dhaval\My Projects\Bulkmail\vendor\laravel\framework\src\Illuminate\Database\Query\Builder.php(3294): Illuminate\Database\Query\Builder->Illuminate\Database\Query\{closure}()
#5 C:\Dhaval\My Projects\Bulkmail\vendor\laravel\framework\src\Illuminate\Database\Query\Builder.php(2739): Illuminate\Database\Query\Builder->onceWithColumns(Array, Object(Closure))
#6 C:\Dhaval\My Projects\Bulkmail\vendor\laravel\framework\src\Illuminate\Database\Query\Builder.php(3221): Illuminate\Database\Query\Builder->get(Array)
#7 C:\Dhaval\My Projects\Bulkmail\vendor\laravel\framework\src\Illuminate\Database\Query\Builder.php(3149): Illuminate\Database\Query\Builder->aggregate('count', Array)
#8 C:\Dhaval\My Projects\Bulkmail\vendor\laravel\framework\src\Illuminate\Database\Eloquent\Builder.php(1968): Illuminate\Database\Query\Builder->count()
#9 C:\Dhaval\My Projects\Bulkmail\vendor\yajra\laravel-datatables-oracle\src\QueryDataTable.php(205): Illuminate\Database\Eloquent\Builder->__call('count', Array)
#10 C:\Dhaval\My Projects\Bulkmail\vendor\yajra\laravel-datatables-oracle\src\DataTableAbstract.php(848): Yajra\DataTables\QueryDataTable->count()
#11 C:\Dhaval\My Projects\Bulkmail\vendor\yajra\laravel-datatables-oracle\src\QueryDataTable.php(186): Yajra\DataTables\DataTableAbstract->totalCount()
#12 C:\Dhaval\My Projects\Bulkmail\vendor\yajra\laravel-datatables-oracle\src\QueryDataTable.php(158): Yajra\DataTables\QueryDataTable->prepareQuery()
#13 C:\Dhaval\My Projects\Bulkmail\app\Http\Controllers\SesVerifiedEmailController.php(29): Yajra\DataTables\QueryDataTable->make(true)
#14 C:\Dhaval\My Projects\Bulkmail\vendor\laravel\framework\src\Illuminate\Routing\Controller.php(54): App\Http\Controllers\SesVerifiedEmailController->index(Object(Illuminate\Http\Request))
#15 C:\Dhaval\My Projects\Bulkmail\vendor\laravel\framework\src\Illuminate\Routing\ControllerDispatcher.php(43): Illuminate\Routing\Controller->callAction('index', Array)
#16 C:\Dhaval\My Projects\Bulkmail\vendor\laravel\framework\src\Illuminate\Routing\Route.php(259): Illuminate\Routing\ControllerDispatcher->dispatch(Object(Illuminate\Routing\Route), Object(App\Http\Controllers\SesVerifiedEmailController), 'index')
#17 C:\Dhaval\My Projects\Bulkmail\vendor\laravel\framework\src\Illuminate\Routing\Route.php(205): Illuminate\Routing\Route->runController()
#18 C:\Dhaval\My Projects\Bulkmail\vendor\laravel\framework\src\Illuminate\Routing\Router.php(806): Illuminate\Routing\Route->run()
#19 C:\Dhaval\My Projects\Bulkmail\vendor\laravel\framework\src\Illuminate\Pipeline\Pipeline.php(144): Illuminate\Routing\Router->Illuminate\Routing\{closure}(Object(Illuminate\Http\Request))
#20 C:\Dhaval\My Projects\Bulkmail\app\Http\Middleware\CorporateDebtorAccess.php(16): Illuminate\Pipeline\Pipeline->Illuminate\Pipeline\{closure}(Object(Illuminate\Http\Request))
#21 C:\Dhaval\My Projects\Bulkmail\vendor\laravel\framework\src\Illuminate\Pipeline\Pipeline.php(183): App\Http\Middleware\CorporateDebtorAccess->handle(Object(Illuminate\Http\Request), Object(Closure))
#22 C:\Dhaval\My Projects\Bulkmail\app\Http\Middleware\UserStatus.php(21): Illuminate\Pipeline\Pipeline->Illuminate\Pipeline\{closure}(Object(Illuminate\Http\Request))
#23 C:\Dhaval\My Projects\Bulkmail\vendor\laravel\framework\src\Illuminate\Pipeline\Pipeline.php(183): App\Http\Middleware\UserStatus->handle(Object(Illuminate\Http\Request), Object(Closure))
#24 C:\Dhaval\My Projects\Bulkmail\vendor\laravel\framework\src\Illuminate\Routing\Middleware\SubstituteBindings.php(50): Illuminate\Pipeline\Pipeline->Illuminate\Pipeline\{closure}(Object(Illuminate\Http\Request))
#25 C:\Dhaval\My Projects\Bulkmail\vendor\laravel\framework\src\Illuminate\Pipeline\Pipeline.php(183): Illuminate\Routing\Middleware\SubstituteBindings->handle(Object(Illuminate\Http\Request), Object(Closure))
#26 C:\Dhaval\My Projects\Bulkmail\vendor\laravel\framework\src\Illuminate\Auth\Middleware\Authenticate.php(57): Illuminate\Pipeline\Pipeline->Illuminate\Pipeline\{closure}(Object(Illuminate\Http\Request))
#27 C:\Dhaval\My Projects\Bulkmail\vendor\laravel\framework\src\Illuminate\Pipeline\Pipeline.php(183): Illuminate\Auth\Middleware\Authenticate->handle(Object(Illuminate\Http\Request), Object(Closure))
#28 C:\Dhaval\My Projects\Bulkmail\vendor\laravel\framework\src\Illuminate\Foundation\Http\Middleware\VerifyCsrfToken.php(78): Illuminate\Pipeline\Pipeline->Illuminate\Pipeline\{closure}(Object(Illuminate\Http\Request))
#29 C:\Dhaval\My Projects\Bulkmail\vendor\laravel\framework\src\Illuminate\Pipeline\Pipeline.php(183): Illuminate\Foundation\Http\Middleware\VerifyCsrfToken->handle(Object(Illuminate\Http\Request), Object(Closure))
#30 C:\Dhaval\My Projects\Bulkmail\vendor\laravel\framework\src\Illuminate\View\Middleware\ShareErrorsFromSession.php(49): Illuminate\Pipeline\Pipeline->Illuminate\Pipeline\{closure}(Object(Illuminate\Http\Request))
#31 C:\Dhaval\My Projects\Bulkmail\vendor\laravel\framework\src\Illuminate\Pipeline\Pipeline.php(183): Illuminate\View\Middleware\ShareErrorsFromSession->handle(Object(Illuminate\Http\Request), Object(Closure))
#32 C:\Dhaval\My Projects\Bulkmail\vendor\laravel\framework\src\Illuminate\Session\Middleware\StartSession.php(121): Illuminate\Pipeline\Pipeline->Illuminate\Pipeline\{closure}(Object(Illuminate\Http\Request))
#33 C:\Dhaval\My Projects\Bulkmail\vendor\laravel\framework\src\Illuminate\Session\Middleware\StartSession.php(64): Illuminate\Session\Middleware\StartSession->handleStatefulRequest(Object(Illuminate\Http\Request), Object(Illuminate\Session\Store), Object(Closure))
#34 C:\Dhaval\My Projects\Bulkmail\vendor\laravel\framework\src\Illuminate\Pipeline\Pipeline.php(183): Illuminate\Session\Middleware\StartSession->handle(Object(Illuminate\Http\Request), Object(Closure))
#35 C:\Dhaval\My Projects\Bulkmail\vendor\laravel\framework\src\Illuminate\Cookie\Middleware\AddQueuedCookiesToResponse.php(37): Illuminate\Pipeline\Pipeline->Illuminate\Pipeline\{closure}(Object(Illuminate\Http\Request))
#36 C:\Dhaval\My Projects\Bulkmail\vendor\laravel\framework\src\Illuminate\Pipeline\Pipeline.php(183): Illuminate\Cookie\Middleware\AddQueuedCookiesToResponse->handle(Object(Illuminate\Http\Request), Object(Closure))
#37 C:\Dhaval\My Projects\Bulkmail\vendor\laravel\framework\src\Illuminate\Cookie\Middleware\EncryptCookies.php(67): Illuminate\Pipeline\Pipeline->Illuminate\Pipeline\{closure}(Object(Illuminate\Http\Request))
#38 C:\Dhaval\My Projects\Bulkmail\vendor\laravel\framework\src\Illuminate\Pipeline\Pipeline.php(183): Illuminate\Cookie\Middleware\EncryptCookies->handle(Object(Illuminate\Http\Request), Object(Closure))
#39 C:\Dhaval\My Projects\Bulkmail\vendor\laravel\framework\src\Illuminate\Pipeline\Pipeline.php(119): Illuminate\Pipeline\Pipeline->Illuminate\Pipeline\{closure}(Object(Illuminate\Http\Request))
#40 C:\Dhaval\My Projects\Bulkmail\vendor\laravel\framework\src\Illuminate\Routing\Router.php(805): Illuminate\Pipeline\Pipeline->then(Object(Closure))
#41 C:\Dhaval\My Projects\Bulkmail\vendor\laravel\framework\src\Illuminate\Routing\Router.php(784): Illuminate\Routing\Router->runRouteWithinStack(Object(Illuminate\Routing\Route), Object(Illuminate\Http\Request))
#42 C:\Dhaval\My Projects\Bulkmail\vendor\laravel\framework\src\Illuminate\Routing\Router.php(748): Illuminate\Routing\Router->runRoute(Object(Illuminate\Http\Request), Object(Illuminate\Routing\Route))
#43 C:\Dhaval\My Projects\Bulkmail\vendor\laravel\framework\src\Illuminate\Routing\Router.php(737): Illuminate\Routing\Router->dispatchToRoute(Object(Illuminate\Http\Request))
#44 C:\Dhaval\My Projects\Bulkmail\vendor\laravel\framework\src\Illuminate\Foundation\Http\Kernel.php(200): Illuminate\Routing\Router->dispatch(Object(Illuminate\Http\Request))
#45 C:\Dhaval\My Projects\Bulkmail\vendor\laravel\framework\src\Illuminate\Pipeline\Pipeline.php(144): Illuminate\Foundation\Http\Kernel->Illuminate\Foundation\Http\{closure}(Object(Illuminate\Http\Request))
#46 C:\Dhaval\My Projects\Bulkmail\vendor\laravel\framework\src\Illuminate\Foundation\Http\Middleware\TransformsRequest.php(21): Illuminate\Pipeline\Pipeline->Illuminate\Pipeline\{closure}(Object(Illuminate\Http\Request))
#47 C:\Dhaval\My Projects\Bulkmail\vendor\laravel\framework\src\Illuminate\Foundation\Http\Middleware\ConvertEmptyStringsToNull.php(31): Illuminate\Foundation\Http\Middleware\TransformsRequest->handle(Object(Illuminate\Http\Request), Object(Closure))
#48 C:\Dhaval\My Projects\Bulkmail\vendor\laravel\framework\src\Illuminate\Pipeline\Pipeline.php(183): Illuminate\Foundation\Http\Middleware\ConvertEmptyStringsToNull->handle(Object(Illuminate\Http\Request), Object(Closure))
#49 C:\Dhaval\My Projects\Bulkmail\vendor\laravel\framework\src\Illuminate\Foundation\Http\Middleware\TransformsRequest.php(21): Illuminate\Pipeline\Pipeline->Illuminate\Pipeline\{closure}(Object(Illuminate\Http\Request))
#50 C:\Dhaval\My Projects\Bulkmail\vendor\laravel\framework\src\Illuminate\Foundation\Http\Middleware\TrimStrings.php(40): Illuminate\Foundation\Http\Middleware\TransformsRequest->handle(Object(Illuminate\Http\Request), Object(Closure))
#51 C:\Dhaval\My Projects\Bulkmail\vendor\laravel\framework\src\Illuminate\Pipeline\Pipeline.php(183): Illuminate\Foundation\Http\Middleware\TrimStrings->handle(Object(Illuminate\Http\Request), Object(Closure))
#52 C:\Dhaval\My Projects\Bulkmail\vendor\laravel\framework\src\Illuminate\Foundation\Http\Middleware\ValidatePostSize.php(27): Illuminate\Pipeline\Pipeline->Illuminate\Pipeline\{closure}(Object(Illuminate\Http\Request))
#53 C:\Dhaval\My Projects\Bulkmail\vendor\laravel\framework\src\Illuminate\Pipeline\Pipeline.php(183): Illuminate\Foundation\Http\Middleware\ValidatePostSize->handle(Object(Illuminate\Http\Request), Object(Closure))
#54 C:\Dhaval\My Projects\Bulkmail\vendor\laravel\framework\src\Illuminate\Foundation\Http\Middleware\PreventRequestsDuringMaintenance.php(99): Illuminate\Pipeline\Pipeline->Illuminate\Pipeline\{closure}(Object(Illuminate\Http\Request))
#55 C:\Dhaval\My Projects\Bulkmail\vendor\laravel\framework\src\Illuminate\Pipeline\Pipeline.php(183): Illuminate\Foundation\Http\Middleware\PreventRequestsDuringMaintenance->handle(Object(Illuminate\Http\Request), Object(Closure))
#56 C:\Dhaval\My Projects\Bulkmail\vendor\laravel\framework\src\Illuminate\Http\Middleware\HandleCors.php(49): Illuminate\Pipeline\Pipeline->Illuminate\Pipeline\{closure}(Object(Illuminate\Http\Request))
#57 C:\Dhaval\My Projects\Bulkmail\vendor\laravel\framework\src\Illuminate\Pipeline\Pipeline.php(183): Illuminate\Http\Middleware\HandleCors->handle(Object(Illuminate\Http\Request), Object(Closure))
#58 C:\Dhaval\My Projects\Bulkmail\vendor\laravel\framework\src\Illuminate\Http\Middleware\TrustProxies.php(39): Illuminate\Pipeline\Pipeline->Illuminate\Pipeline\{closure}(Object(Illuminate\Http\Request))
#59 C:\Dhaval\My Projects\Bulkmail\vendor\laravel\framework\src\Illuminate\Pipeline\Pipeline.php(183): Illuminate\Http\Middleware\TrustProxies->handle(Object(Illuminate\Http\Request), Object(Closure))
#60 C:\Dhaval\My Projects\Bulkmail\vendor\laravel\framework\src\Illuminate\Pipeline\Pipeline.php(119): Illuminate\Pipeline\Pipeline->Illuminate\Pipeline\{closure}(Object(Illuminate\Http\Request))
#61 C:\Dhaval\My Projects\Bulkmail\vendor\laravel\framework\src\Illuminate\Foundation\Http\Kernel.php(175): Illuminate\Pipeline\Pipeline->then(Object(Closure))
#62 C:\Dhaval\My Projects\Bulkmail\vendor\laravel\framework\src\Illuminate\Foundation\Http\Kernel.php(144): Illuminate\Foundation\Http\Kernel->sendRequestThroughRouter(Object(Illuminate\Http\Request))
#63 C:\Dhaval\My Projects\Bulkmail\public\index.php(51): Illuminate\Foundation\Http\Kernel->handle(Object(Illuminate\Http\Request))
#64 C:\Dhaval\My Projects\Bulkmail\vendor\laravel\framework\src\Illuminate\Foundation\resources\server.php(16): require_once('C:\\Dhaval\\My Pr...')
#65 {main}  
[2026-05-30 20:51:49] local.INFO: Creating job for chunk {"chunk_index":0,"chunk_size":3,"is_last_chunk":true} 
[2026-05-30 20:51:49] local.INFO: Bulk mail jobs dispatched {"mail_config_id":27,"total_contacts":3,"total_chunks":1} 
[2026-05-30 20:51:49] local.INFO: Bulk mail sent {"mail_config_id":27,"total_sent":0,"total_failed":0,"total_contacts":3} 
[2026-05-30 20:52:00] local.INFO: Bulk mail chunk sent {"mail_config_id":27,"chunk_size":3,"total_sent":3,"total_failed":0} 
[2026-05-30 20:52:00] local.INFO: Bulk mail completed {"mail_config_id":27,"total_sent":3,"total_failed":0} 
[2026-05-30 20:52:45] local.INFO: Creating job for chunk {"chunk_index":0,"chunk_size":3,"is_last_chunk":true} 
[2026-05-30 20:52:45] local.INFO: Bulk mail jobs dispatched {"mail_config_id":28,"total_contacts":3,"total_chunks":1} 
[2026-05-30 20:52:45] local.INFO: Bulk mail sent {"mail_config_id":28,"total_sent":0,"total_failed":0,"total_contacts":3} 
[2026-05-30 20:52:45] local.ERROR: Mail send failed: Expected response code "250" but got code "451", with message "451 4.4.2 Timeout waiting for data from client.".  
[2026-05-30 20:52:54] local.INFO: Bulk mail chunk sent {"mail_config_id":28,"chunk_size":3,"total_sent":2,"total_failed":1} 
[2026-05-30 20:52:54] local.INFO: Bulk mail completed {"mail_config_id":28,"total_sent":2,"total_failed":1} 
[2026-05-30 20:54:39] local.INFO: Creating job for chunk {"chunk_index":0,"chunk_size":3,"is_last_chunk":true} 
[2026-05-30 20:54:39] local.INFO: Bulk mail jobs dispatched {"mail_config_id":29,"total_contacts":3,"total_chunks":1} 
[2026-05-30 20:54:39] local.INFO: Bulk mail sent {"mail_config_id":29,"total_sent":0,"total_failed":0,"total_contacts":3} 
[2026-05-30 20:54:49] local.INFO: Bulk mail chunk sent {"mail_config_id":29,"chunk_size":3,"total_sent":3,"total_failed":0} 
[2026-05-30 20:54:49] local.INFO: Bulk mail completed {"mail_config_id":29,"total_sent":3,"total_failed":0} 
